[   .000] Intiizg cgro ssys ust[    0000] Inialin cgrupubs cpu  0.0000 Itializg rop subsy cact
[  00000] Lin vrsion 4.4.13geer (il@lgw-a64037) (c rsion 5.0 1660 (un 5.4.0-6ubuntu1~16.04.10) ) #163-Ubuntu SMP Mon Sep 24 13:14:43 UTC 2018 (Ubuntu 4.4.0-137.163-generic 4.4.144)
[    0.000000] Command line: BOOT_IMAGE=/boot/vmlinuz-4.4.0-137-generic root=LABEL=cloudimg-rootfs ro console=tty1 console=ttyS0
[    0.000000] KERNEL supported cpus:
[    0.000000]   Intel GenuineIntel
[    0.000000]   AMD AuthenticAMD
[    0.000000]   Centaur CentaurHauls
[    0.000000] x86/fpu: xstate_offset[2]:  576, xstate_sizes[2]:  256
[    0.000000] x86/fpu: Supporting XSAVE feature 0x01: 'x87 floating point registers'
[    0.000000] x86/fpu: Supporting XSAVE feature 0x02: 'SSE registers'
[    0.000000] x86/f: pprting XSAVE feature 0x04 'X egister'   0.000 x6/fpu:naedxsatfeures 07,onexsi i 832 besusng 'staar forma
   0.00000 e0: BIOS-povedhysicaRAmap:
[   00000] OS82: [mem 0x0000000000000000-0x000000000009fbff] usable
[    0.000000] BIOS-e820: [mem 0x000000000009fc00-0x000000000009ffff] reserved
[    0.000000] BIOS-e820: [mem 0x00000000000f0000-0x00000000000fffff] reserved
[  00000BI-e20: [mem 0x0000000000100000-0x000000003ffeffff] usable
[    0.000000] BIOS-e820: [mem 0x000000003fff0000-0x000000003fffffff] ACP da
[    0.00000BI-e820 [m x00000ec00000x0000fec00fff] reserved[  0.00000 BS-e8: em0x00000000fee00000-0x0000000fe0ff] reserved
[    0.000000] BIOS-e820: [mem 0x00000000fffc0000-0x00000000ffffffff] reserved
[    0.000000] NX (Execute Disable) protection: active
[    0.000000] SMOS.5prest.
[    0.000000] Hypervisor detected: KVM
[    0.000000] e820: last_pfn = 0x3fff0 max_arch_pfn = 0x400000000
[    0.000000] MTRR: Disabled
[    0.000000] x86/PAT: MRsisble, skippig P inialaton too
[  0.000000] CPU MTRRs all blank - virtualized system.
[  0.000] x/P: onfiurio[0-7] W W UC- UC  WB  WT  UC- UC  
[    0.000000] found SMP MP-table at [mem 0x0009fff0-0x0009ffff] mapped at [ffff88000009fff0]
[    0.000000] Scanning 1 areas for low memory corruption
[    0.000000] RAMDISK: [mem 0x3630a000-0x3717cfff]
[    0.000000] ACPI: Early tleheksum verification isbld
[  00000] AI:SD 0x000000E0000 000 (02 VBOX  )
[    0.000000] ACPI: XSDT 0x000000003FFF0030 00003C (v01 VBOX   VBOXXSDT 00000001 ASL  00000061)
[    0.000000] ACPI: FACP 0x000000003FFF00F0 0000F4 (v04 VBOX   VBOXFACP 00000001 ASL  00000061)
[    0.000000] ACPI: DSDT 0x000000003FFF0470 0021FF (v02 VBOX   VBOXBIOS 000000 IL 018010
   0.000000] ACPI: FAS 0000003F02 00004
[  .00000 AI:FACSx000003FFF0200 000040
[    0.000000] ACPI: APIC 0x000000003FFF0240 00005C (v02 VBOX   VBOXAPIC 00000001 ASL  00000061)
[    0.000000] ACPI: SSDT 0x000000003FFF02A0 0001CC (v01 VBOX   VBOXCPUT 00000002 INTL 20180105)
[    0.000000] No NUMA configuration found
[    0.000000] Faking a node at [mem 0x0000000000x0000003feff
[   0.00] NODEAT0)allote [m 0xfe000x3feff]
[   0.0000kvm-oc Uing msrs 4b641 d 4b4d
    .000 kvm-cckcp 0, r 3fe300, imy cp cck
[   0.0000kv-clock: usi sed offt  3326024 cles
[    0.000000] clocksource: kvm-clock: mask: 0xffffffffffffffff max_cycles: 0x1cd42e4dffb, max_idle_ns: 881590591483 ns
[    0.000000] Zone ranges:
[    0.000000]   DMA      [mem 0x0000000000001000-0x0000000000ffffff]
[    0.000000]   DMA32    [mem 0x0000000001000000-0x000000003ffeffff]
[    0.000000]   Normal   empty
[    0.000000]   Device   empty
[    0.0000 Mable ze art fo eh de
  0.0000] rlmemoy deanges
[    0.000000]   node   0: [mem 0x0000000000001000-0x000000000009efff]
[    0.000000]   node   0: [mem 0x0000000000100000-0x000000003ffeffff]
[    0.000000] Initmem setup node 0 [mem 0x0000000000001000-0x000000003ffeffff]
[    0.000000] ACPI: PM-Timer IO Port: 0x4008
[    0.000000] IOAPIC[0]: apic_id 2, version 32, address 0xfec00000, GSI 0-23
[    0.000000] ACPI: INT_SRC_OVR (bus 0 bus_irq 0 global_irq 2 dfl dfl)
[    0.000000] ACPI: INT_SRC_OVR (bus 0 bus_irq 9 global_irq 9 low level)
[    0.000000] Using ACPI (MADT) for SMP configuration information
[    0.000000] smpboo: llwing 2PU 0 hotluCP
[    0000 PM: Risre nosavmery: [m 0000000-0x00000fff]
[    0.000000] PM: Registered nosave memory: [mem 0x0009f000-0x0009ffff]
[    0.000000] PM: Registered nosave memor: em0x00a0000-0x000effff][  0.000] : Regier nsave mor [mem 0x0f000x000fffff]
[    0.000000] e820: [mem 0x40000000-0xfebfffff] available for PCI devices
[    0.000000] Booting paravirtualized kernel on KVM
[    0.000000] clocksource: refined-jiffies: mask: 0xffffffff max_cycles: 0xffffffff, max_idle_ns: 7645519600211568 ns
[    0.000000] setup_percpu: NR_CPUS:512 nr_cpumask_bits:512 nr_cpu_ids:2 nr_node_ids:1
[    0.000000] PERCPU: Embedded 34 pages/cpu @ffff88003fc00000 s99608 r8192 d31464 u1048576
[    0.000000] PV qspinlock hash table entries: 256 (order: 0, 4096 bytes)
[    0000] Built zeliss in Nodorermoily roinon  Tol ge: 2512
[    000000]oly one:MA
    0.000]erne cma line:OOIMGEbo/vlinuz-4.13-genicoo=LABELloim-rtfroonsoe=y1onsoe=yS
[    0.000000] PID hash table entries: 4096 (order: 3, 32768 bytes)
[    0.000000] Memory: 997708K/1048120K available (8555K kernel code, 1314K rwdata, 4004K rodata, 1528K init, 1316K bss, 50412K reserved, 0K cma-reserved)
[    0.000000] SLUB: HWalign=64, Order=0-3, MinObjects=0, CPUs=2, Nodes=1
[    0.000000] Kernel/User page tables isolation: enabled
[    0.000000] Hierarchical RCU implementation.
[    0.000000 	il-timadstent ofeafaouto4.
[  0000] RCrerictg PUfrom NCP=52 to ncpids=2.[  0.000] U:Adjusingeetryfor u_noutea64 ncpid2
[  00000] NRRQ3324 n_is:0 16
[  0.0000] nse:colour VA+0x5
[  00000] coso [ty1]enle
[   0.00] onso [yS] enabed[    0.000000] tsc: Detected 3092.810 MHz processor
[    8.660845] Calibrating delay loop (skipped) preset value.. 6185.62 BogoMIPS (lpj=12371240)
[    8.836411] pid_max: default: 32768 minimum: 301
[    8.930350] ACPI: Core revision 20150930
[    9.005303] ACPI: 2 ACPI AML tables successfully acquired and loaded
[    9.140372] Security Framework initialized
[    9.167987] Yama: becoming mindful.
[    9.168560] AppArmor: AppArmor initialized
[    9.169155] Dentry cache hash table entries: 131072 (order: 8, 1048576 bytes)
[    9.170458] Inode-cache hash table entries: 65536 (order: 7, 524288 bytes)
[    9.171290] Mount-cache hash table entries: 2048 (order: 2, 16384 bytes)
[    9.172047] Mountpoint-cache hash table entries: 2048 (order: 2, 16384 bytes)
[    9.173000] Initializing cgroup subsys io
[    9.173534] Initializing cgroup subsys memory
[    9.174092] Initializing cgroup subsys devices
[    9.174680] Initializing cgroup subsys freezer
[    9.175242] Initializing cgroup subsys net_cls
[    9.175804] Initializing cgroup subsys perf_event
[    9.176437] Initializing cgroup subsys net_prio
[    9.177070] Initializing cgroup subsys hugetlb
[    9.177681] Initializing cgroup subsys pids
[    9.218094] mce: CPU supports 0 MCE banks
[    9.309889] Last level iTLB entries: 4KB 1024, 2MB 1024, 4MB 1024
[    9.441459] Last level dTLB entries: 4KB 1024, 2MB 1024, 4MB 1024, 1GB 4
[    9.567847] Spectre V2 : Mitigation: Full generic retpoline
[    9.568575] Spectre V2 : Spectre v2 mitigation: Speculation control IBPB not-supported IBRS not-supported
[    9.787924] Spectre V2 : Spectre v2 / SpectreRSB mitigation: Filling RSB on context switch
[    9.976296] Speculative Store Bypass: Vulnerable
[   10.089560] Freeing SMP alternatives memory: 32K
[   10.204052] ftrace: allocating 32265 entries in 127 pages
[   10.376522] smpboot: APIC(0) Converting physical 0 to logical package 0
[   10.466817] smpboot: Max logical packages: 1
[   10.467613] x2apic enabled
[   10.468229] Switched APIC routing to physical x2apic.
[   10.469703] ..TIMER: vector=0x30 apic1=0 pin1=2 apic2=-1 pin2=-1
[   10.575861] smpboot: CPU0: Intel(R) Core(TM) i5-4670S CPU @ 3.10GHz (family: 0x6, model: 0x3c, stepping: 0x3)
[   10.820488] Performance Events: unsupported p6 CPU model 60 no PMU driver, software events only.
[   11.034367] KVM setup paravirtual spinlock
[   11.065963] x86: Booting SMP configuration:
[   11.067714] .... node  #0, CPUs:      #1
[   11.097777] kvm-clock: cpu 1, ssr ::3ffe3041, secondary cpu clock
[   11.348301] mce: CPU supports 0 MCE banks
[   11.518686] x86: Booted up 1 node, 2 CPUs
[   11.530993] smpboot: Total of 2 processors activated (12371.24 BogoMIPS)
[   11.623096] devtmpfs: initialized
[   11.677221] evm: security.selinux
[   11.679833] evm: security.SMACK64
[   11.680364] evm: security.SMACK64EXEC
[   11.680907] evm: security.SMACK64TRANSMUTE
[   11.681489] evm: security.SMACK64MMAP
[   11.682030] evm: security.ima
[   11.682577] evm: security.capability
[   11.683303] clocksource: jiffies: mask: 0xffffffff max_cycles: 0xffffffff, max_idle_ns: 7645041785100000 ns
[   11.684517] futex hash table entries: 512 (order: 3, 32768 bytes)
[   11.685360] pinctrl core: initialized pinctrl subsystem
[   11.686095] RTC time: 13:03:52, date: 10/25/18
[   11.734223] NET: Registered protocol family 16
[   11.848189] cpuidle: using governor ladder
[   11.888015] cpuidle: using governor menu
[   11.901391] PCCT header not found.
[   11.927158] ACPI: bus type PCI registered
[   11.942684] acpiphp: ACPI Hot Plug PCI Controller Driver version: 0.5
[   12.100949] PCI: Using configuration type 1 for base access
[   12.157080] ACPI: Added _OSI(Module Device)
[   12.183959] ACPI: Added _OSI(Processor Device)
[   12.259625] ACPI: Added _OSI(3.0 _SCP Extensions)
[   12.279898] ACPI: Added _OSI(Processor Aggregator Device)
[   12.281156] ACPI: Executed 1 blocks of module-level executable AML code
[   12.283608] ACPI: Interpreter enabled
[   12.381707] ACPI: (supports S0 S5)
[   12.469051] ACPI: Using IOAPIC for interrupt routing
[   12.566487] PCI: Using host bridge windows from ACPI; if necessary, use "pci=nocrs" and report a bug
[   12.731923] ACPI: PCI Root Bridge [PCI0] (domain 0000 [bus 00-ff])
[   12.828206] acpi PNP0A03:00: _OSC: OS supports [ASPM ClockPM Segments MSI]
[   12.829033] acpi PNP0A03:00: _OSC: not requesting OS control; OS requires [ExtendedConfig ASPM ClockPM MSI]
[   12.830248] acpi PNP0A03:00: fail to add MMCONFIG information, can't access extended PCI configuration space under this bridge.
[   12.831844] PCI host bridge to bus 0000:00
[   12.832383] pci_bus 0000:00: root bus resource [io  0x0000-0x0cf7 window]
[   12.973300] pci_bus 0000:00: root bus resource [io  0x0d00-0xffff window]
[   13.144808] pci_bus 0000:00: root bus resource [mem 0x000a0000-0x000bffff window]
[   13.351801] pci_bus 0000:00: root bus resource [mem 0x40000000-0xfdffffff window]
[   13.526637] pci_bus 0000:00: root bus resource [bus 00-ff]
[   13.681158] pci 0000:00:01.1: legacy IDE quirk: reg 0x10: [io  0x01f0-0x01f7]
[   13.847341] pci 0000:00:01.1: legacy IDE quirk: reg 0x14: [io  0x03f6]
[   14.003591] pci 0000:00:01.1: legacy IDE quirk: reg 0x18: [io  0x0170-0x0177]
[   14.149339] pci 0000:00:01.1: legacy IDE quirk: reg 0x1c: [io  0x0376]
[   14.170237] pci 0000:00:07.0: quirk: [io  0x4000-0x403f] claimed by PIIX4 ACPI
[   14.358439] pci 0000:00:07.0: quirk: [io  0x4100-0x410f] claimed by PIIX4 SMB
[   14.380226] ACPI: PCI Interrupt Link [LNKA] (IRQs 5 9 10 *11)
[   14.511462] ACPI: PCI Interrupt Link [LNKB] (IRQs 5 9 *10 11)
[   14.645118] ACPI: PCI Interrupt Link [LNKC] (IRQs 5 *9 10 11)
[   14.792909] ACPI: PCI Interrupt Link [LNKD] (IRQs 5 9 10 *11)
[   14.901145] ACPI: Enabled 2 GPEs in block 00 to 07
[   15.019669] vgaarb: setting as boot device: PCI:0000:00:02.0
[   15.178054] vgaarb: device added: PCI:0000:00:02.0,decodes=io+mem,owns=io+mem,locks=none
[   15.402368] vgaarb: loaded
[   15.460485] vgaarb: bridge control possible 0000:00:02.0
[   15.565426] SCSI subsystem initialized
[   15.586621] ACPI: bus type USB registered
[   15.680362] usbcore: registered new interface driver usbfs
[   15.821120] usbcore: registered new interface driver hub
[   15.890724] usbcore: registered new device driver usb
[   15.892073] PCI: Using ACPI for IRQ routing
[   15.985131] NetLabel: Initializing
[   15.985615] NetLabel:  domain hash size = 128
[   15.986194] NetLabel:  protocols = UNLABELED CIPSOv4
[   15.987918] NetLabel:  unlabeled traffic allowed by default
[   15.988753] amd_nb: Cannot enumerate AMD northbridges
[   15.989428] clocksource: Switched to clocksource kvm-clock
[   15.995583] AppArmor: AppArmor Filesystem Enabled
[   15.997808] pnp: PnP ACPI init
[   5.88] p:nPCP fnd dic
[   6.69] ocoue:cppmmask: 0xffffmacyes0xff, x_les:08014 
  7.87] T:egted otolamly 2
[   17.76905] P taisd shab eri: 92orr:, 53bys)[ 189260TCbi hsh table entries: 81 (de 51372yt)  9.34] P:astaesongud stlied8192 bind 8192)
[ 19682]DPastae tries: 51(oer2,63 bes
[ 20945]DPitha tlentries: 512 (order2,63 bes
[ 21238]ETRestedrocofaly
  1.36] i 000:00.0: Limiting direct PC/P tnsrs[ 22431]ci00:0:00:ctatg A A ngorrods[   22.727754] Unpacking initramfs...
[   23.08604]]FFeeeiggiiiirr  memoyy  44796K
[   23.392859] RAPL PMU detected, API unit is 2^-32 Joules, 4 fixed counters 10737418240 ms ovfl timer
[   23.613379] hw unit of domain pp0-core 2^-0 Joules
[   23.739517] hw unit of domain package 2^-0 Joules
[   23.861321] hw unit of domain dram 2^-0 Joules
[   23.987061] hw unit of domain pp1-gpu 2^-0 Joules
[   24.122558] platform rtc_cmos: registered platform RTC device (no PNP device found)
[   24.151354] Scanning for low memory corruption every 60 seconds
[   24.152438] audit: initializing netlink subsys (disabled)
[   24.153167] audit: type=2000 audit(1540472635.155:1): initialized
[   24.154201] Initialise system trusted keyring
[   24.154913] HugeTLB registered 2 MB page size, pre-allocated 0 pages
[   24.156816] zbud: loaded
[   24.157602] VFS: Disk quotas dquot_6.6.0
[   24.158154] VFS: Dquot-cache hash table entries: 512 (order 0, 4096 bytes)
[   24.164872] squashfs: version 4.0 (2009/01/31) Phillip Lougher
[   24.165810] fuse init (API version 7.23)
[   24.166519] Key type big_key registered
[   24.167057] Allocating IMA MOK and blacklist keyrings.
[   24.168816] Key type asymmetric registered
[   24.169429] Asymmetric key parser 'x509' registered
[   24.170147] Block layer SCSI generic (bsg) driver version 0.4 loaded (major 249)
[   24.176909] io scheduler noop registered
[   24.177465] io scheduler deadline registered (default)
[   24.178186] io scheduler cfq registered
[   24.179310] pci_hotplug: PCI Hot Plug PCI Core version: 0.5
[   24.180638] pciehp: PCI Express Hot Plug Controller Driver version: 0.4
[   24.182206] ACPI: AC Adapter [AC] (on-line)
[   24.182881] input: Power Button as /devices/LNXSYSTM:00/LNXPWRBN:00/input/input0
[   24.183859] ACPI: Power Button [PWRF]
[   24.184402] input: Sleep Button as /devices/LNXSYSTM:00/LNXSLPBN:00/input/input1
[   24.185390] ACPI: Sleep Button [SLPF]
[   24.186092] GHES: HEST is not enabled!
[   24.186710] Serial: 8250/16550 driver, 32 ports, IRQ sharing enabled
[   442288667] 00:02: tyy00 at I/  xxff  iiqq==44, baeebbuu    112200  ssaa115500
[   449955118]LLnnxxaagpaattiittrraaeevv..10
[   25.14455]] tsc  eeiiee  SS  llccksuucc  caiirratio::3399..927 MH
[   55.144557] cookksorree  ssc: mssk: 0xffffffffffffffff max_cycles: 0x2c8dccc5fd1, ma__ddle_ns: 400995203770 ns

[   26778885]]lloo::mmddll  lodddd
[   2..983166  scsi hott:: ata_piix
[   27.177337] scsi host1: ata_pixx

[   27.387503] ata1: PATA mxx UDMA/33 cmd 0x1f0 ctl 0x3f6 bmdma 0xd000iirq 14
[   27.710751] ata2: PATA max UDMA/33 cmd 0x170 ctl 0x376 bmdma 0xd008 irq 15
[   28.298940] libphy: Fixed DDOO Bus  rrbbdd

[   28.449957] uu:: UnivessalTTNN/TAP deviee diiee,,1166
[   2..034589] uun: (C) 1999-2004 Max Krasnyansky <maxk@qualcomm.com>
[   29.168232] PPP generic driver version 2.4.2
[   29.168844] ehci_hcd: USB 2.0 'Enhanced' Host Controller (EHCI) Driver
[   29.169625] ehci-pci: EHCI PCI platform driver
[   29.170255] ehci-platform: EHCI generic platform driver
[   29.170935] ohci_hcd: USB 1.1 'Open' Host Controller (OHCI) Driver
[   29.171656] ohci-pci: OHCI PCI platform driver
[   29.172229] ohci-platform: OHCI generic platform driver
[   29.172868] uhci_hcd: USB Universal Host Controller Interface driver
[   29.173648] i8042: PNP: PS/2 Controller [PNP0303:PS2K,PNP0f03:PS2M] at 0x60,0x64 irq 1,12
[   29.178732] serio: i8042 KBD port at 0x60,0x64 irq 1
[   29.179363] serio: i8042 AUX port at 0x60,0x64 irq 12
[   29.180063] mousedev: PS/2 mouse device common for all mice
[   29.181108] rtc_cmos rtc_cmos: rtc core: registered rtc_cmos as rtc0
[   29.182004] input: AT Translated Set 2 keyboard as /devices/platform/i8042/serio0/input/input2
[   29.183236] rtc_cmos rtc_cmos: alarms up to one day, 114 bytes nvram
[   29.184083] i2c /dev entries driver
[   29.184613] device-mapper: uevent: version 1.0.3
[   29.185242] device-mapper: ioctl: 4.34.0-ioctl (2015-10-28) initialised: dm-devel@redhat.com
[   29.186401] ledtrig-cpu: registered to indicate activity on CPUs
[   29.187568] NET: Registered protocol family 10
[   29.188326] NET: Registered protocol family 17
[   29.188941] Key type dns_resolver registered
[   29.189702] registered taskstats version 1
[   29.190356] Loading compiled-in X.509 certificates
[   29.191459] Loaded X.509 cert 'Build time autogenerated kernel key: 20acc96b50ca7641011eace69d32209215a9b56f'
[   29.192677] zswap: loaded using pool lzo/zbud
[   29.194701] Key type trusted registered
[   29.197432] Key type encrypted registered
[   29.198110] AppArmor: AppArmor sha1 policy hashing enabled
[   29.198943] ima: No TPM chip found, activating TPM-bypass!
[   29.199602] ima: Allocated hash algorithm: sha1
[   29.200187] evm: HMAC attrs: 0x1
[   29.200919]   Magic number: 6:794:79
[   29.201508] rtc_cmos rtc_cmos: setting system clock to 2018-10-25 13:04:10 UTC (1540472650)
[   29.202712] BIOS EDD facility v0.16 2004-Jun-25, 0 devices found
[   29.203419] EDD information not available.
[   29.204940] Freeing unused kernel memory: 1528K
[   29.217581] Write protecting the kernel read-only data: 14336k
[   29.688261] Freeing unused kernel memory: 1672K
[   30.038052] Freeing unused kernel memory: 92K
Loading, please [   30.298573] random: systemd-udevd: uninitialized urandom read (16 bytes read, 3 bits of entropy available)
wait...
starting version 229
[   30.299061] random: udevadm: uninitialized urandom read (16 bytes read, 3 bits of entropy available)
[   30.299075] random: udevadm: uninitialized urandom read (16 bytes read, 3 bits of entropy available)
[   30.304764] random: udevadm: uninitialized urandom read (16 bytes read, 3 bits of entropy available)
[   30.304795] random: udevadm: uninitialized urandom read (16 bytes read, 3 bits of entropy available)
[   30.304891] random: udevadm: uninitialized urandom read (16 bytes read, 3 bits of entropy available)
[   30.304930] random: udevadm: uninitialized urandom read (16 bytes read, 3 bits of entropy available)
[   30.304964] random: udevadm: uninitialized urandom read (16 bytes read, 3 bits of entropy available)
[   30.304999] random: udevadm: uninitialized urandom read (16 bytes read, 3 bits of entropy available)
[   30.305034] random: udevadm: uninitialized urandom read (16 bytes read, 3 bits of entropy available)
[   30.619804] e1000: Intel(R) PRO/1000 Network Driver - version 7.3.21-k8-NAPI
[   30.628505] e1000: Copyright (c) 1999-2006 Intel Corporation.
[   30.632132] Fusion MPT base driver 3.04.20
[   30.642918] Copyright (c) 1999-2008 LSI Corporation
[   30.909767] input: ImExPS/2 Generic Explorer Mouse as /devices/platform/i8042/serio1/input/input4
[   31.299571] Fusion MPT SPI Host driver 3.04.20
[   31.604797] AVX2 version of gcm_enc/dec engaged.
[   31.624113] AES CTR mode by8 optimization enabled
[   31.930542] e1000 0000:00:03.0 eth0: (PCI:33MHz:32-bit) 02:20:67:8c:d5:af
[   32.028995] e1000 0000:00:03.0 eth0: Intel(R) PRO/1000 Network Connection
[   32.366925] e1000 0000:00:08.0 eth1: (PCI:33MHz:32-bit) 08:00:27:6b:77:f6
[   32.748051] e1000 0000:00:08.0 eth1: Intel(R) PRO/1000 Network Connection
[   32.789187] mptbase: ioc0: Initiating bringup
[   32.789689] e1000 0000:00:08.0 enp0s8: renamed from eth1
[   33.014028] e1000 0000:00:03.0 enp0s3: renamed from eth0
[   33.397921] ioc0: LSI53C1030 A0: Capabilities={Initiator}
[   33.920223] scsi host2: ioc0: LSI53C1030 A0, FwRev=00000000h, Ports=1, MaxQ=256, IRQ=20
[   34.848768] scsi 2:0:0:0: Direct-Access     VBOX     HARDDISK         1.0  PQ: 0 ANSI: 5
[   35.398097] scsi target2:0:0: Beginning Domain Validation
[   35.556410] scsi target2:0:0: Domain Validation skipping write tests
[   35.758257] scsi target2:0:0: Ending Domain Validation
[   36.177948] scsi target2:0:0: asynchronous
[   36.208666] scsi 2:0:1:0: Direct-Access     VBOX     HARDDISK         1.0  PQ: 0 ANSI: 5
[   36.209857] scsi target2:0:1: Beginning Domain Validation
[   36.229238] scsi target2:0:1: Domain Validation skipping write tests
[   36.328218] scsi target2:0:1: Ending Domain Validation
[   36.727963] scsi target2:0:1: asynchronous
[   36.811987] sd 2:0:0:0: Attached scsi generic sg0 type 0
[   36.812204] sd 2:0:0:0: [sda] 20971520 512-byte logical blocks: (10.7 GB/10.0 GiB)
[   36.812344] sd 2:0:0:0: [sda] Write Protect is off
[   36.812395] sd 2:0:0:0: [sda] Incomplete mode parameter data
[   36.812396] sd 2:0:0:0: [sda] Assuming drive cache: write through
[   37.179499]  sda: sda1
[   37.180074] sd 2:0:0:0: [sda] Attached SCSI disk
[   37.534539] sd 2:0:1:0: [sdb] 20480 512-byte logical blocks: (10.5 MB/10.0 MiB)
[   37.535765] sd 2:0:1:0: [sdb] Write Protect is off
[   37.536476] sd 2:0:1:0: [sdb] Incomplete mode parameter data
[   37.537207] sd 2:0:1:0: [sdb] Assuming drive cache: write through
[   37.617644] sd 2:0:1:0: Attached scsi generic sg1 type 0
[   37.684999] sd 2:0:1:0: [sdb] Attached SCSI disk
Begin: Loading e[   39.234856] md: linear personality registered for level -1
ssential drivers[   39.820103] md: multipath personality registered for level -4
 ... [   39.973089] md: raid0 personality registered for level 0
[   40.092085] md: raid1 personality registered for level 1
[   40.289460] raid6: sse2x1   gen() 11192 MB/s
[   40.432582] raid6: sse2x1   xor()  9257 MB/s
[   40.601465] raid6: sse2x2   gen() 14910 MB/s
[   40.773484] raid6: sse2x2   xor()  9613 MB/s
[   40.957472] raid6: sse2x4   gen() 17239 MB/s
[   41.137463] raid6: sse2x4   xor() 11816 MB/s
[   41.305459] raid6: avx2x1   gen() 21188 MB/s
[   41.485462] raid6: avx2x2   gen() 26020 MB/s
[   41.653462] raid6: avx2x4   gen() 30438 MB/s
[   41.750602] raid6: using algorithm avx2x4 gen() 30438 MB/s
[   41.767140] raid6: using avx2x2 recovery algorithm
[   41.769046] xor: automatically using best checksumming function:
[   42.190347]    avx       : 76539.000 MB/sec
[   42.449051] async_tx: api initialized (async)
[   42.514025] md: raid6 personality registered for level 6
[   42.645704] md: raid5 personality registered for level 5
[   42.772012] md: raid4 personality registered for level 4
[   42.912239] md: raid10 personality registered for level 10
done.
Begin: Running /scripts/init-p[   43.084259] Btrfs loaded
remount ... done.
Begin: Mounting root file system ... Begin: Running /scripts/local-top ... done.
Begin: Running /scripts/local-premount ... Scanning for Btrfs filesystems
done.
Warning: fsck not present, so skipping root file system
[   43.230476] EXT4-fs (sda1): mounted filesystem with ordered data mode. Opts: (null)
done.
Begin: Running /scripts/local-bottom ... done.
Begin: Running /scripts/init-bottom ... done.
[   44558865]]ssyseedd[1]:ssyseedd 299rruniigg i  yystmmmmode.((+PAM++UUDI  SSLLNNXX +MM  +APPRRMO  SSMACK +YYVVNNIT +UTMP +LIBCRYPTSETUP +GCRYPT +GNUTLS +ACL +XZ -LZ  SSCCOOPP +BLKI  +ELFUTILS +KMOD -IDN)
[   45887791]]ssystemd[1:: Detecte  vittaaliaaiionooaacle.
[   46.277893] ssseedd11::DDttcceed architecuueexx66-64.

Welcome to [1mUbuntu 16.04.5 LTS[0m!

[   46778833]]sssseemd11::SStthhssnnmm  oo<<ubnnuu..

[   47.267886]sssseedd11]:IIiitillzzing machine IDffoo  aaddmmggnnrrttrr.
[   778877489]ssyseedd[1::IInstalled transeett//tt//aahhnn--dd fll..
[   484466663] random: nnnblociingppoo  isiiiitillzzdd

[   99448877]]sssseedd[1::RRaachddttrree  yyttmmTTmm  yycchronzzdd
[[0;32m  OK  [0m] Reached target System Time Synchronized.
[   50.18811]]sssseedd[1]:SStartdd FrraardPPsswwrr  Reuusststt  WallDDirectory Wathh
[[0;32m  OK  [0m] Started Forward Password Requests to Wall Directory Watch.
[   009922085] systedd11]:RRaachddttrrget Swap.
[[0;32m  OK  [0m] Reached target Swap.
[   51.33833]]sssseedd11::LLsseeniggoo  ddev Control Socket.
[[0;32m  OK  [0m] Listening on udev Control Socket.
[   11889988]]sssseedd11::LLiseeiigg on VV22mmttadat  aammnn scceet.

[[0;32m  OK  [0m] Listening on LVM2 metadata daemon socket.
[   52.566146]sssstedd11]:LLssteiiggoon Syllgg Socee..
[[0;32m  OK  [0m] Listening on Syslog Socket.
[   53.030246  yyttmmd[]]  eeccee  aaggttEEccyyttdd Volmmes.
[[0;32m  OK  [0m] Reached target Encrypted Volumes.
[   53.581866  systmm[[1]: eecched aargetUUee  nnd Grou  aaeeLLoouuss
[[0;32m  OK  [0m] Reached target User and Group Name Lookups.
[   54.168075] systemd[1]: Listening on Journal Audit Socket.
[[0;32m  OK  [0m] Listening on Journal Audit Socket.
[   54.170617] systemd[1]: Listening on /dev/initctl oompttbblltt  aaee  iiee
[[0;32m  OK  [0m] Listening on /dev/initctl Compatibility Named Pipe.
[   445511555]sssseedd11::LLsseeiigg on LVM  poll daeoon socket.
[[0;32m  OK  [0m] Listening on LVM2 poll daemon socket.
[   54.998038] systemd[1]: Created slice User and Session Slice.
[[0;32m  OK  [0m] Created slice User and Session Slice.
[   54.999711] systemd[1]: Started Trigger resolvconf update for networkd DNS.
[[0;32m  OK  [0m] Started Trigger resolvconf update for networkd DNS.
[   55.001614] systemd[1]: Listening on Journal Socket.
[[0;32m  OK  [0m] Listening on Journal Socket.
[   55.004297] systemd[1]: Listening on Device-mapper event daemon FIFOs.
[[0;32m  OK  [0m] Listening on Device-mapper event daemon FIFOs.
[   55.017747] systemd[1]: Listening on Journal Socket (/dev/log).
[[0;32m  OK  [0m] Listening on Journal Socket (/dev/log).
[   55.108844] systemd[1]: Listening on udev Kernel Socket.
[[0;32m  OK  [0m] Listening on udev Kernel Socket.
[   55.110383] systemd[1]: Set up automount Arbttaary Executable File Formats File System Automount Point.
[[0;32m  OK  [0m] Set up automount Arbitrary Executab...ats File System Automount Point.
[   55.27844]]sssstemd11::CCeettdd slieeSSyste  llcc..

[[0;32m  OK  [0m] Created slice System Slice.
[   55.777912] systemd[1]: Starting Load Kernel Modules...
[   55.944] adngSC tnsrtla v0-0.
         Starting Load Kernel Modules...
[   56.457317] iscsi: registered transport (tcp)
[   56.505638] systemd[1]: Starting Monitoring of LVM2 mirrors, snapshots etc. using dmeventd or progress polling...
         Starting Monitoring of LVM2 mirrors... dmeventd or progress polling...
[   57.009754] systemd[1]: Mounting POSIX Message Queue File System...
[   57.222151] isirestedrapo (er
         Mounting POSIX Message Queue File System...
[ 57688156] systemd[1]: Starting Set console keymap...
         Starting Set console keymap...
[   57.761635] systemd[1]: Mounting Huge Pages File System...
         Mounting Huge Pages File System...
[   57.925749] systemd[1]: Starting Journal Service...
         Starting Journal Service...
[   58.181688  systemd[1]: Reached target Slices.
[[0;32m  OK  [0m] Reached target Slices.
[   58.625651] systemd[1]: Starting Nameserver information manager...
         Starting Nameserver information manager...
[   58.774388] systemd[1]: Created slice system-serial\x2dgetty.slice.
[[0;32m  OK  [0m] Created slice system-serial\x2dgetty.slice.
[   58.833725] systemd[1]: Starting Uncomplicated firewall...
         Starting Uncomplicated firewall...
[   58.896485] systemd[1]: Mounting Debug File System...
         Mounting Debug File System...
[   58.961679] systemd[1]: Starting Remount Root and Kernel File Systems...
         [   58.981539] EXT4-fs (sda1): re-mounted. Opts: (null)
Starting Remount Root and Kernel File Systems...
[   58.996389] systemd[1]: Starting Create list of required static device nodes for the current kernel...
         Starting Create list of required st... nodes for the current kernel...
[   9.26914] sysmd]:ouedugPas leysm.
[[0;32m  OK  [0m] Mounted Huge Pages File System.
[   59.725928] systemd[1]: Mounted POSIX Message Queue File System.
[[0;32m  OK  [0m] Mounted POSIX Message Queue File System.
[   59.840291] systemd[1]: Mounted Debug File System.
[[0;32m  OK  [0m] Mounted Debug File System.
[   59.841919] systemd[1]: Started Journal Service.
[[0;32m  OK  [0m] Started Journal Service.
[[0;32m  OK  [0m] Started Load Kernel Modules.
[[0;32m  OK  [0m] Started Set console keymap.
[[0;32m  OK  [0m] Started Uncomplicated firewall.
[[0;32m  OK  [0m] Started Remount Root and Kernel File Systems.
[[0;32m  OK  [0m] Started Create list of required sta...ce nodes for the current kernel.
[[0;32m  OK  [0m] Started Nameserver information manager.
[[0;32m  OK  [0m] Started LVM2 metadata daemon.
         Starting Create Static Device Nodes in /dev...
         Starting Load/Save Random Seed...
         Starting udev Coldplug all Devices...
         Starting Apply Kernel Variables...
         Mounting FUSE Control File System...
         Starting Flush Journal to Persistent Storage...
[[0;32m  OK  [0m] Mounted FUSE Control File System.
[[0;32m  OK  [0m] Started Create Static Device Nodes in /dev.
[[0;32m  OK  [0m] Started Monitoring of LVM2 mirrors,...ng dmeventd or progress polling.
[[0;32m  OK  [0m] Started Load/Save Random Seed.
[[0;32m  OK  [0m] Started Apply Kernel Variables.
[[0;32m  OK  [0m] Started udev Coldplug all Devices.
         Starting udev Kernel Device Manager...
[[0;32m  OK  [0m] Started Flush Journal to Persistent Storage.
[[0;32m  OK  [0m] Started udev Kernel Device Manager.
[[0;32m  OK  [0m] Reached target Local File Systems (Pre).
[[0;32m  OK  [0m] Reached target Local File Systems.
         Starting Tell Plymouth To Write Out Runtime Data...
         Starting Set console font and keymap...
         Starting Create Volatile Files and Directories...
         Starting LSB: AppArmor initialization...
         Starting Commit a transient machine-id on disk...
         Starting Initial cloud-init job (pre-networking)...
[[0;32m  OK  [0m] Started Dispatch Password Requests to Console Directory Watch.
[[0;32m  OK  [0m] Started Tell Plymouth To Write Out Runtime Data.
[[0;32m  OK  [0m] Started Set console font and keymap.
[[0;32m  OK  [0m] Started Create Volatile Files and Directories.
[[0;32m  OK  [0m] Started Commit a transient machine-id on disk.
[[0;32m  OK  [0m] Found device /dev/ttyS0.
[[0;32m  OK  [0m] Listening on Load/Save RF Kill Switch Status /dev/rfkill Watch.
         Starting Update UTMP about System Boot/Shutdown...
[[0;32m  OK  [0m] Created slice system-getty.slice.
[[0;32m  OK  [0m] Started Update UTMP about System Boot/Shutdown.
[[0;32m  OK  [0m] Started LSB: AppArmor initialization.
[   48.819707] cloud-init[623]: Cloud-init v. 18.3-9-g2e62cb8a-0ubuntu1~16.04.2 running 'init-local' at Thu, 25 Oct 2018 13:04:44 +0000. Up 48.42 seconds.
[[0;32m  OK  [0m] Started Initial cloud-init job (pre-networking).
[[0;32m  OK  [0m] Reached target Network (Pre).
         Starting Raise network interfaces...
[[0;32m  OK  [0m] Started Raise network interfaces.
         Starting Initial cloud-init job (metadata service crawler)...
[[0;32m  OK  [0m] Reached target Network.
[   50.820410] cloud-init[936]: Cloud-init v. 18.3-9-g2e62cb8a-0ubuntu1~16.04.2 running 'init' at Thu, 25 Oct 2018 13:04:45 +0000. Up 49.53 seconds.
[[0;32m  OK  [0m] Started Initial cloud-init job (metadata service crawler).
[   50.931688] cloud-init[936]: ci-info: ++++++++++++++++++++++++++++++++++++++Net device info+++++++++++++++++++++++++++++++++++++++
[   50.961862] cloud-init[936]: ci-info: +--------+-------+----------------------------+---------------+--------+-------------------+
[   50.964842] cloud-init[936]: ci-info: | Device |   Up  |          Address           |      Mask     | Scope  |     Hw-Address    |
[   50.966357] cloud-init[936]: ci-info: +--------+-------+----------------------------+---------------+--------+-------------------+
[   50.996635] [cloud-init[0;32m  OK  [0m[936]: ] ci-info: | enp0s3 |  True |         10.0.2.15          | 255.255.255.0 | global | 02:20:67:8c:d5:af |Reached target Cloud-config availability.

[[0;32m  OK  [0m] Reached target Network is Online.
[   50.997445] cloud-init[936]: ci-info: | enp0s3 |  True | fe80::20:67ff:fe8c:d5af/64 |       .       |  link  | 02:20:67:8c:d5:af |
[   51.296704]          cloud-initStarting iSCSI initiator daemon (iscsid)...[936]: 
ci-info: | enp0s8 | False |             .              |       .       |   .    | 08:00:27:6b:77:f6 |
[   51.476649] [cloud-init[0;32m  OK  [0m[936]: ] ci-info: |   lo   |  True |         127.0.0.1          |   255.0.0.0   |  host  |         .         |Reached target System Initialization.

[   51.477445] cloud-init[936]: ci-info: |   lo   |  True |          ::1/128           |       .       |  host  |         .         |
[   51.680985]          cloud-initStarting LXD - unix socket.[936]: 
ci-info: +--------+-------+----------------------------+---------------+--------+-------------------+
[   51.928972] [cloud-init[0;32m  OK  [0m[936]: ] ci-info: +++++++++++++++++++++++++++Route IPv4 info++++++++++++++++++++++++++++Started Daily apt download activities.

[[0;32m  OK  [0m] Listening on ACPID Listen Socket.
[   51.930328] cloud-init[936]: ci-info: +-------+-------------+----------+---------------+-----------+-------+
[   52.256844] [cloud-init[0;32m  OK  [0m[936]: ] ci-info: | Route | Destination | Gateway  |    Genmask    | Interface | Flags |Started ACPI Events Check.

[[0;32m  OK  [0m] Reached target Paths.
[[0;32m  OK  [0m] Listening on UUID daemon activation socket.
[   52.257525] cloud-init[936]: ci-info: +-------+-------------+----------+---------------+-----------+-------+
[   52.604650] [cloud-init[0;32m  OK  [0m[936]: ] ci-info: |   0   |   0.0.0.0   | 10.0.2.2 |    0.0.0.0    |   enp0s3  |   UG  |Started Daily apt upgrade and clean activities.

[[0;32m  OK  [0m] Listening on D-Bus System Message Bus Socket.
         Starting Socket activation for snappy daemon.
[[0;32m  OK  [0m] Started Daily Cleanup of Temporary Directories.
[[0;32m  OK  [0m] Reached target Timers.
[   52.605594] cloud-init[936]: ci-info: |   1   |   10.0.2.0  | 0.0.0.0  | 255.255.255.0 |   enp0s3  |   U   |
[[0;32m  OK  [0m] Listening on LXD - unix socket.
[[0;32m  OK  [0m] Listening on Socket activation for snappy daemon.
[[0;32m  OK  [0m] Started iSCSI initiator daemon (iscsid).
[   53.080906] cloud-init[936]: ci-info: +-------+-------------+----------+---------------+-----------+-------+
[   53.262380] cloud-init[936]: ci-info: +++++++++++++++++++Route IPv6 info+++++++++++++++++++         Starting Login to default iSCSI targets...
[[0;32m  OK  [0m] Reached target Sockets.
[[0;32m  OK  [0m] Reached target Basic System.

[   53.268001] cloud-init[936]: ci-info: +-------+-------------+---------+-----------+-------+
[   53.320380] cloud-init[936]: ci-info: | Route | Destination | Gateway | Interface | Flags |
[   53.320902] cloud-init[936]: ci-info: +-------+-------------+---------+-----------+-------+
         Starting Virtualbox guest utils...
[   53.321071] cloud-init[936]: ci-info: |   0   |  fe80::/64  |    ::   |   enp0s3  |   U   |
         [   53.605199] Starting Accounts Service...cloud-init
[936]: ci-info: |   3   |   ff00::/8  |    ::   |   enp0s3  |   U   |
[   53.740289] cloud-init[936]: ci-info: +-------+-------------+---------+-----------+-------+
[   53.740518] cloud-init[936]: Generating public/private rsa key pair.
[[0;32m  OK  [0m] Started ACPI event daemon.
[   53.740613] cloud-init[936]: Your identification has been saved in /etc/ssh/ssh_host_rsa_key.
[   54.016714] cloud-init[936]: Your public key has been saved in /etc/ssh/ssh_host_rsa_key.pub.
         Starting Pollinate to seed the pseudo random number generator...
[   54.017713] cloud-init[936]: The key fingerprint is:
[   54.180400] cloud-init[936]: SHA256:Uh5LOBPEM2UPk9VENpTTAhv7xwFH1KgWOXk6f6eFTwk root@ubuntu-xenial
[   54.180638] cloud-init[936]: The key's randomart image is:
[[0;32m  OK  [0m] Started Regular background program processing daemon.
[   54.180721] cloud-init[936]: +---[RSA 2048]----+
[   54.328292] cloud-init[936]: |     oo.=o+*BB+o |
[   54.328520] cloud-init[936]: |      ++.+ =X++ .|
         Starting Login Service...
[   54.328628] cloud-init[936]: |      +o+ +  O.  |
[   54.492370] cloud-init[936]: |       * o .=E . |
[   54.492795] cloud-init[936]: |      . S  ..o+..|
[[0;32m  OK  [0m] Started Deferred execution scheduler.
[   54.492999] cloud-init[936]: |       .     .o.=|
[   54.684289] cloud-init[936]: |               *.|
[   54.684607] cloud-init[936]: |              . .|
         Starting LSB: Record successful boot for GRUB...
[   54.684743] cloud-init[936]: |                 |
[   54.802993] cloud-init[936]: +----[SHA256]-----+
[   54.811340] cloud-init[936]: Generating public/private dsa key pair.
[   54.812560] cloud-init[936]: Your identification has been saved in /etc/ssh/ssh_host_dsa_key.
[   54.812802] cloud-init[936]: Your public key has been saved in /etc/ssh/ssh_host_dsa_key.pub.
         Starting System Logging Service...
[   54.812926] cloud-init[936]: The key fingerprint is:
[   54.936736] cloud-init[936]: SHA256:CHycj+jB2jJu4NS3Hl3XK7l7zdq8wPYFxYnJAJN9/v4 root@ubuntu-xenial
[   54.937130] cloud-init[936]: The key's randomart image is:
         Starting Snappy daemon...
[   54.937312] cloud-init[936]: +---[DSA 1024]----+
[   55.100424] cloud-init[936]: |         o+.     |
[   55.100818] cloud-init[936]: |   . . . ...o.o..|
         Starting /etc/rc.local Compatibility...
[   55.101027] cloud-init[936]: |    o +     o+ .o|
[   55.114792] cloud-init[936]: |   . + +    .. . |
[   55.117821] cloud-init[936]: |  . + o S. . .o  |
[   55.118613] cloud-init[936]: |.. = o. . . o .o |
[   55.176300] cloud-init[936]: |o.+ +...   o =+ .|
[[0;32m  OK  [0m] Started FUSE filesystem for LXC.
[   55.224851] cloud-init[936]: | o.o ..     +.=+.|
[   55.316360]          cloud-initStarting LSB: MD monitoring daemon...[936]: 
| .. ..     oo..=E|
[   55.396646] [cloud-init[0;32m  OK  [0m[936]: ] +----[SHA256]-----+Started Unattended Upgrades Shutdown.

[   55.397928] cloud-init[936]: Generating public/private ecdsa key pair.
[   55.533058] [cloud-init[0;32m  OK  [0m[936]: ] Your identification has been saved in /etc/ssh/ssh_host_ecdsa_key.Started D-Bus System Message Bus.

[   55.534105] cloud-init[936]: Your public key has been saved in /etc/ssh/ssh_host_ecdsa_key.pub.
         Starting LXD - container startup/shutdown...
[   55.732362] cloud-init[936]: The key fingerprint is:
[   55.820653] [cloud-init[0;32m  OK  [0m[936]: ] SHA256:vdn1khIgSLsdUtwLlQ4FOTUhnJIo9yoZd+BZIuyqQ2A root@ubuntu-xenialStarted System Logging Service.

[   55.821555] [cloud-init[0;32m  OK  [0m[936]: ] The key's randomart image is:Started Snappy daemon.

[   55.875607] [cloud-init[0;32m  OK  [0m[936]: ] +---[ECDSA 256]---+Started /etc/rc.local Compatibility.

[   55.876075] cloud-init[936]: | .   ..++O*o     |
[   55.885352] cloud-init[936]: |  + =.++O.o.     |
[   55.886401] cloud-init[936]: | . = *+.o=..     |
[   55.887369] cloud-init[936]: |.Eo + o+ +o.     |
[[0;32m  OK  [0m] Started Login Service.
[   55.944387] cloud-init[936]: |o. + o. S . . .  |
[   56.024494] cloud-init[936]: |..o .      + o o |
[   56.080956]          cloud-initStarting Authenticate and Authorize Users to Run Privileged Tasks...[936]: 
|o  .      o o o .|
         Starting Wait until snapd is fully seeded...
[   56.210678] [cloud-init[0;32m  OK  [0m[936]: ] |o            . . |Started LSB: Record successful boot for GRUB.

[   56.320774] cloud-init[936]: | .               |
[[   56.322033] [0;32m  OK  [0mcloud-init] [936]: Started LSB: MD monitoring daemon.+----[SHA256]-----+

[   56.322295] cloud-init[936]: Generating public/private ed25519 key pair.
[   56.504643] [cloud-init[0;32m  OK  [0m[936]: ] Your identification has been saved in /etc/ssh/ssh_host_ed25519_key.Started Virtualbox guest utils.

[   56.505814] cloud-init[936]: Your public key has been saved in /etc/ssh/ssh_host_ed25519_key.pub.
[[0;32m  OK  [0m] Started LXD - container startup/shutdown.
[   56.810849] cloud-init[936]: The key fingerprint is:
[[0;32m  OK  [0m] Started Authenticate and Authorize Users to Run Privileged Tasks.
[   56.912323] cloud-init[936]: SHA256:X+TfyLg4q9e0l1GtTgTLyDcs6LtmqoMCDMXUdlJm/2k root@ubuntu-xenial
[[0;32m  OK  [0m] Started Login to default iSCSI targets.
[   57.064875] cloud-init[936]: The key's randomart image is:
[[0;32m  OK  [0m] Started Accounts Service.
[   57.160790] cloud-init[936]: +--[ED25519 256]--+
[[0;32m  OK  [0m] Reached target Remote File Systems (Pre).
[[0;32m  OK  [0m] Reached target Remote File Systems.
[   57.341097] cloud-init[936]: | o.. .+          |
[   57.476525]          cloud-initStarting LSB: Set the CPU Frequency Scaling governor to "ondemand"...[936]: 
|  o +o..    .    |
         Starting LSB: daemon to balance interrupts for SMP systems...
[   57.585822] cloud-init[936]: | . . o  .o +.o  .|
         Starting LSB: automatic crash report generation...
[   57.627178] cloud-init[936]: |.       ..++* . o|
         Starting Permit User Sessions...
[   57.731163] cloud-init[936]: |o      .S Eooo o |
[   57.744354] [cloud-init[0;32m  OK  [0m[936]: ] |..      .o ..++o |Started Permit User Sessions.

[   57.744618] cloud-init[936]: |.  .     ..o.++o.|
[   57.778744] cloud-init[936]: |. . .   + o.o.+  |
[   57.789689] [cloud-init[0;32m  OK  [0m[936]: ] | .  .o.+o+oo..   |Started LSB: Set the CPU Frequency Scaling governor to "ondemand".

[   57.789944] cloud-init[936]: +----[SHA256]-----+
         Starting Terminate Plymouth Boot Screen...
         Starting Hold until boot process finishes up...
[[0;32m  OK  [0m] Started LSB: daemon to balance interrupts for SMP systems.
[[0;32m  OK  [0m] Started LSB: automatic crash report generation.
[[0;32m  OK  [0m] Started Terminate Plymouth Boot Screen.
[[0;32m  OK  [0m] Started Hold until boot process finishes up.
[[0;32m  OK  [0m] Started Getty on tty1.
         Starting Set console scheme...
[[0;32m  OK  [0m] Started Serial Getty on ttyS0.
[[0;32m  OK  [0m] Reached target Login Prompts.
[[0;32m  OK  [0m] Started Set console scheme.

Ubuntu 16.04.5 LTS ubuntu-xenial ttyS0

ubuntu-xenial login: [  105.417519] cloud-init[1733]: Generating locales (this might take a while)...
[  106.103230] cloud-init[1733]:   en_US.UTF-8... done
[  106.103657] cloud-init[1733]: Generation complete.
[  106.828978] cloud-init[1733]: Cloud-init v. 18.3-9-g2e62cb8a-0ubuntu1~16.04.2 running 'modules:config' at Thu, 25 Oct 2018 13:05:41 +0000. Up 105.27 seconds.
ci-info: no authorized ssh keys fingerprints found for user ubuntu.
<14>Oct 25 13:05:43 ec2: 
<14>Oct 25 13:05:43 ec2: #############################################################
<14>Oct 25 13:05:43 ec2: -----BEGIN SSH HOST KEY FINGERPRINTS-----
<14>Oct 25 13:05:43 ec2: 1024 SHA256:CHycj+jB2jJu4NS3Hl3XK7l7zdq8wPYFxYnJAJN9/v4 root@ubuntu-xenial (DSA)
<14>Oct 25 13:05:43 ec2: 256 SHA256:vdn1khIgSLsdUtwLlQ4FOTUhnJIo9yoZd+BZIuyqQ2A root@ubuntu-xenial (ECDSA)
<14>Oct 25 13:05:43 ec2: 256 SHA256:X+TfyLg4q9e0l1GtTgTLyDcs6LtmqoMCDMXUdlJm/2k root@ubuntu-xenial (ED25519)
<14>Oct 25 13:05:43 ec2: 2048 SHA256:Uh5LOBPEM2UPk9VENpTTAhv7xwFH1KgWOXk6f6eFTwk root@ubuntu-xenial (RSA)
<14>Oct 25 13:05:43 ec2: -----END SSH HOST KEY FINGERPRINTS-----
<14>Oct 25 13:05:43 ec2: #############################################################
-----BEGIN SSH HOST KEY KEYS-----
ecdsa-sha2-nistp256 AAAAE2VjZHNhLXNoYTItbmlzdHAyNTYAAAAIbmlzdHAyNTYAAABBBHgKUCrbpW9RfsICQl2TAl2w33+jRhZl902smBYHQ6V7y0aaet44OMSOzIwrUqVSfzgWiyN4nqaIyLIKWEKdyjc= root@ubuntu-xenial
ssh-ed25519 AAAAC3NzaC1lZDI1NTE5AAAAIKBftYqF3dXsazquhZzgHVELwMYQbxIZmZ6fQ7kaImQi root@ubuntu-xenial
ssh-rsa AAAAB3NzaC1yc2EAAAADAQABAAABAQDB1DkixxPpvABDl97XSrz+ph+KbfGeRheoIGbjMC6foo6lG2OzpBDts1AuvV5ih+zI3bgspqhrnxgm4Eq4GxDwDkuyNbXpN0jkkciJnDF5COF1E/pmR8xPw6I5aNCtaIs760m6OAqvPfy+mpKKVBM+SSrfYFP+aD2auFhF0g33r1+2AhcbNCp/IxyuTdVB9PiuuibWAmP7dWsfddkQT+yBFy6wryB6W2kDY0u9VsOSJ92L3vqJ1wlSqSZ1SAI/NfxSViYeaiSUBM1b7icGDEPtVHYYyWpUWT17EkMy1vyjnmzXBwu0vu5fe7cCC4UVKB/G3XjTRneEkX+JUPVjfZBV root@ubuntu-xenial
-----END SSH HOST KEY KEYS-----
[  107.187915] cloud-init[1775]: Cloud-init v. 18.3-9-g2e62cb8a-0ubuntu1~16.04.2 running 'modules:final' at Thu, 25 Oct 2018 13:05:43 +0000. Up 107.05 seconds.
[  107.188100] cloud-init[1775]: ci-info: no authorized ssh keys fingerprints found for user ubuntu.
[  107.188219] cloud-init[1775]: Cloud-init v. 18.3-9-g2e62cb8a-0ubuntu1~16.04.2 finished at Thu, 25 Oct 2018 13:05:43 +0000. Datasource DataSourceNoCloud [seed=/dev/sdb][dsmode=net].  Up 107.18 seconds
